// Jest Snapshot v1, https://goo.gl/fbAQLP

exports[`NewTodoForm matches snapshot 1`] = `
<DocumentFragment>
  <form>
    <input
      placeholder="Enter todo..."
      type="text"
      value=""
    />
    <button
      type="submit"
    >
      Add Todo
    </button>
  </form>
</DocumentFragment>
`;
