// Jest Snapshot v1, https://goo.gl/fbAQLP

exports[`TodoList matches snapshot 1`] = `
<DocumentFragment>
  <div>
    <form>
      <input
        placeholder="Enter todo..."
        type="text"
        value=""
      />
      <button
        type="submit"
      >
        Add Todo
      </button>
    </form>
    <ul />
  </div>
</DocumentFragment>
`;
